2,1,120
3,106
4,104,2
2,1,120
3,107
4,104,1
2,1,120
4,108,2
3,104
2,2,120
3,108
3,105
2,1,130
4,111,1
3,109
2,1,140
3,111
3,110