2,2,100
4,104,6
3,100
2,3,100
4,104,3
3,101
2,1,90
4,104,2
3,102
2,2,80
3,104
3,103