2,6,1000
4,101,3
3,100
2,6,1000
4,101,3
3,100