2,10,1000
3,101
3,100
BAD MESSAGE: OrderID[100] does not exist