BAD MESSAGE: OrderID[100] does not exist
BAD MESSAGE: OrderID[101] does not exist
BAD MESSAGE: OrderID[102] does not exist
BAD MESSAGE: OrderID[103] does not exist
BAD MESSAGE: OrderID[100] already exists