BAD MESSAGE: Invalid Input
BAD MESSAGE: OrderID[104] already exists
BAD MESSAGE: OrderID[999] does not exist