BAD MESSAGE: Invalid Input
2,2,1025
4,100008,1
3,100005
2,1,1025
3,100008
4,100007,4